// Bun Snapshot v1, https://bun.sh/docs/test/snapshots

exports[`10-range-expression: transpile produces the expected Lua shape 1`] = `
"--- Range expressions build a sequence of integers.
--- \`a..b\` is exclusive on the right; \`a..=b\` is inclusive.
--- Lowers to a Lua sequence-building IIFE.
---
--- The functions below return Lua tables (sequences of integers);
--- neoc's type surface doesn't yet name those, so they're typed as
--- \`string\` here purely to satisfy the parser. The actual returned
--- values are tables, as the tests confirm.
function exclusive()
  return (function() local r = {} for i = 0, 5 - 1 do r[#r + 1] = i end return r end)()
end


function inclusive()
  return (function() local r = {} for i = 0, 5 do r[#r + 1] = i end return r end)()
end


function withBounds(lo, hi)
  return (function() local r = {} for i = lo, hi - 1 do r[#r + 1] = i end return r end)()
end

"
`;
